String scanned: [<]
	->Token kind: "<"
	->Token value: null
String scanned: [<=]
	->Token kind: "<="
	->Token value: null
String scanned: [>]
	->Token kind: ">"
	->Token value: null
String scanned: [>=]
	->Token kind: ">="
	->Token value: null
String scanned: [<>]
	->Token kind: "<>"
	->Token value: null
String scanned: [==]
	->Token kind: "=="
	->Token value: null
String scanned: [+]
	->Token kind: "+"
	->Token value: null
String scanned: [-]
	->Token kind: "-"
	->Token value: null
String scanned: [*]
	->Token kind: "*"
	->Token value: null
String scanned: [/]
	->Token kind: "/"
	->Token value: null
String scanned: [^]
	->Token kind: "^"
	->Token value: null
String scanned: [=]
	->Token kind: "="
	->Token value: null
String scanned: [(]
	->Token kind: "("
	->Token value: null
String scanned: [)]
	->Token kind: ")"
	->Token value: null
String scanned: [[]
	->Token kind: "["
	->Token value: null
String scanned: []]
	->Token kind: "]"
	->Token value: null
String scanned: [,]
	->Token kind: ","
	->Token value: null
String scanned: [;]
	->Token kind: ";"
	->Token value: null
