String scanned: [""]
	->Token kind: STRING
	->Token value: ""
String scanned: ["Test alphabet1: abcdefghijklmnopqrstuvwxyz"]
	->Token kind: STRING
	->Token value: "Test alphabet1: abcdefghijklmnopqrstuvwxyz"
String scanned: ["Test alphabet2: ABCDEFGHIJKLMNOPQRSTUVWXYZ"]
	->Token kind: STRING
	->Token value: "Test alphabet2: ABCDEFGHIJKLMNOPQRSTUVWXYZ"
String scanned: ["Test digits: 0123456789"]
	->Token kind: STRING
	->Token value: "Test digits: 0123456789"
String scanned: ["Test other chars: `~!@#$%^&**() -_=+[{]}|;:',<.>/?"]
	->Token kind: STRING
	->Token value: "Test other chars: `~!@#$%^&**() -_=+[{]}|;:',<.>/?"
String scanned: ["Now test escape chars"]
	->Token kind: STRING
	->Token value: "Now test escape chars"
String scanned: ["A quote between parentheses: (\") "]
	->Token kind: STRING
	->Token value: "A quote between parentheses: (") "
String scanned: ["A tab between parentheses: (\t) "]
	->Token kind: STRING
	->Token value: "A tab between parentheses: (	) "
String scanned: ["A return between parentheses: (\n) "]
	->Token kind: STRING
	->Token value: "A return between parentheses: (
) "
String scanned: ["A backslash between parentheses: (\\) "]
	->Token kind: STRING
	->Token value: "A backslash between parentheses: (\) "
String scanned: ["A string without tabs or returns between parentheses: (\\t\\n) "]
	->Token kind: STRING
	->Token value: "A string without tabs or returns between parentheses: (\t\n) "
String scanned: ["Complicated string: \n\t\"\" \\\n\\t\\\"\\\\"]
	->Token kind: STRING
	->Token value: "Complicated string: 
	"" \
\t\"\\"
String scanned: ["Multiple strings on the same line:"]
	->Token kind: STRING
	->Token value: "Multiple strings on the same line:"
String scanned: ["string1"]
	->Token kind: STRING
	->Token value: "string1"
String scanned: ["string2"]
	->Token kind: STRING
	->Token value: "string2"
